// Jest Snapshot v1, https://goo.gl/fbAQLP

exports[`renders without crashing 1`] = `
Array [
  <h1>
    Total: 
    0
  </h1>,
  <button
    onClick={[Function]}
  >
    Incrementar
  </button>,
  <button
    onClick={[Function]}
  >
    Decrementar
  </button>,
  <button
    onClick={[Function]}
  >
    Decrementar ass√≠ncronamente
  </button>,
]
`;
